// Jest Snapshot v1, https://goo.gl/fbAQLP

exports[`<App /> should App snapshot 1`] = `
<View
  style={
    {
      "alignItems": "center",
      "backgroundColor": "#fff",
      "flex": 1,
      "justifyContent": "center",
    }
  }
>
  <Text
    testID="welcome"
  >
    Open up App.js to start working on your app!
  </Text>
</View>
`;
